Release 14.7 - xst P.20131013 (nt64)
Copyright (c) 1995-2013 Xilinx, Inc.  All rights reserved.
--> Parameter TMPDIR set to xst/projnav.tmp


Total REAL time to Xst completion: 0.00 secs
Total CPU time to Xst completion: 0.09 secs
 
--> Parameter xsthdpdir set to xst


Total REAL time to Xst completion: 0.00 secs
Total CPU time to Xst completion: 0.09 secs
 
--> Reading design: debounce_fsm.prj

TABLE OF CONTENTS
  1) Synthesis Options Summary
  2) HDL Compilation
  3) Design Hierarchy Analysis
  4) HDL Analysis
  5) HDL Synthesis
     5.1) HDL Synthesis Report
  6) Advanced HDL Synthesis
     6.1) Advanced HDL Synthesis Report
  7) Low Level Synthesis
  8) Partition Report
  9) Final Report
	9.1) Device utilization summary
	9.2) Partition Resource Summary
	9.3) TIMING REPORT


=========================================================================
*                      Synthesis Options Summary                        *
=========================================================================
---- Source Parameters
Input File Name                    : "debounce_fsm.prj"
Input Format                       : mixed
Ignore Synthesis Constraint File   : NO

---- Target Parameters
Output File Name                   : "debounce_fsm"
Output Format                      : NGC
Target Device                      : xc3s200-4-ft256

---- Source Options
Top Module Name                    : debounce_fsm
Automatic FSM Extraction           : YES
FSM Encoding Algorithm             : Auto
Safe Implementation                : No
FSM Style                          : LUT
RAM Extraction                     : Yes
RAM Style                          : Auto
ROM Extraction                     : Yes
Mux Style                          : Auto
Decoder Extraction                 : YES
Priority Encoder Extraction        : Yes
Shift Register Extraction          : YES
Logical Shifter Extraction         : YES
XOR Collapsing                     : YES
ROM Style                          : Auto
Mux Extraction                     : Yes
Resource Sharing                   : YES
Asynchronous To Synchronous        : NO
Multiplier Style                   : Auto
Automatic Register Balancing       : No

---- Target Options
Add IO Buffers                     : YES
Global Maximum Fanout              : 100000
Add Generic Clock Buffer(BUFG)     : 8
Register Duplication               : YES
Slice Packing                      : YES
Optimize Instantiated Primitives   : NO
Use Clock Enable                   : Yes
Use Synchronous Set                : Yes
Use Synchronous Reset              : Yes
Pack IO Registers into IOBs        : Auto
Equivalent register Removal        : YES

---- General Options
Optimization Goal                  : Speed
Optimization Effort                : 1
Keep Hierarchy                     : No
Netlist Hierarchy                  : As_Optimized
RTL Output                         : Yes
Global Optimization                : AllClockNets
Read Cores                         : YES
Write Timing Constraints           : NO
Cross Clock Analysis               : NO
Hierarchy Separator                : /
Bus Delimiter                      : <>
Case Specifier                     : Maintain
Slice Utilization Ratio            : 100
BRAM Utilization Ratio             : 100
Verilog 2001                       : YES
Auto BRAM Packing                  : NO
Slice Utilization Ratio Delta      : 5

=========================================================================


=========================================================================
*                          HDL Compilation                              *
=========================================================================
Compiling vhdl file "C:/Users/pierr/Documents/Ecole/4A/VHDL/vhdl_projet/Keyboard_controller/debounce_fsm.vhd" in Library work.
Entity <debounce_fsm> compiled.
Entity <debounce_fsm> (Architecture <behavioral>) compiled.

=========================================================================
*                     Design Hierarchy Analysis                         *
=========================================================================
Analyzing hierarchy for entity <debounce_fsm> in library <work> (architecture <behavioral>).


=========================================================================
*                            HDL Analysis                               *
=========================================================================
Analyzing Entity <debounce_fsm> in library <work> (Architecture <behavioral>).
Entity <debounce_fsm> analyzed. Unit <debounce_fsm> generated.


=========================================================================
*                           HDL Synthesis                               *
=========================================================================

Performing bidirectional port resolution...

Synthesizing Unit <debounce_fsm>.
    Related source file is "C:/Users/pierr/Documents/Ecole/4A/VHDL/vhdl_projet/Keyboard_controller/debounce_fsm.vhd".
    Found finite state machine <FSM_0> for signal <current_state>.
    -----------------------------------------------------------------------
    | States             | 4                                              |
    | Transitions        | 22                                             |
    | Inputs             | 7                                              |
    | Outputs            | 6                                              |
    | Clock              | clk                       (rising_edge)        |
    | Reset              | rst                       (positive)           |
    | Reset type         | asynchronous                                   |
    | Reset State        | zero                                           |
    | Power Up State     | zero                                           |
    | Encoding           | automatic                                      |
    | Implementation     | LUT                                            |
    -----------------------------------------------------------------------
WARNING:Xst:737 - Found 4-bit latch for signal <debounce_sw>. Latches may be generated from incomplete case or if statements. We do not recommend the use of latches in FPGA/CPLD designs, as they may lead to timing problems.
INFO:Xst:2371 - HDL ADVISOR - Logic functions respectively driving the data and gate enable inputs of this latch share common terms. This situation will potentially lead to setup/hold violations and, as a result, to simulation problems. This situation may come from an incomplete case statement (all selector values are not covered). You should carefully review if it was in your intentions to describe such a latch.
    Found 5-bit up counter for signal <m_tick_0>.
    Found 5-bit up counter for signal <m_tick_1>.
    Summary:
	inferred   1 Finite State Machine(s).
	inferred   2 Counter(s).
Unit <debounce_fsm> synthesized.


=========================================================================
HDL Synthesis Report

Macro Statistics
# Counters                                             : 2
 5-bit up counter                                      : 2
# Latches                                              : 1
 4-bit latch                                           : 1

=========================================================================

=========================================================================
*                       Advanced HDL Synthesis                          *
=========================================================================

Analyzing FSM <FSM_0> for best encoding.
Optimizing FSM <current_state/FSM> on signal <current_state[1:2]> with user encoding.
--------------------------
 State        | Encoding
--------------------------
 zero         | 00
 wait_state_0 | 01
 wait_state_1 | 10
 one          | 11
--------------------------

=========================================================================
Advanced HDL Synthesis Report

Macro Statistics
# FSMs                                                 : 1
# Counters                                             : 2
 5-bit up counter                                      : 2
# Latches                                              : 1
 4-bit latch                                           : 1

=========================================================================

=========================================================================
*                         Low Level Synthesis                           *
=========================================================================

Optimizing unit <debounce_fsm> ...

Mapping all equations...
Building and optimizing final netlist ...
Found area constraint ratio of 100 (+ 5) on block debounce_fsm, actual ratio is 0.

Final Macro Processing ...

=========================================================================
Final Register Report

Macro Statistics
# Registers                                            : 12
 Flip-Flops                                            : 12

=========================================================================

=========================================================================
*                           Partition Report                            *
=========================================================================

Partition Implementation Status
-------------------------------

  No Partitions were found in this design.

-------------------------------

=========================================================================
*                            Final Report                               *
=========================================================================
Final Results
RTL Top Level Output File Name     : debounce_fsm.ngr
Top Level Output File Name         : debounce_fsm
Output Format                      : NGC
Optimization Goal                  : Speed
Keep Hierarchy                     : No

Design Statistics
# IOs                              : 11

Cell Usage :
# BELS                             : 36
#      INV                         : 2
#      LUT2                        : 4
#      LUT3                        : 10
#      LUT3_L                      : 2
#      LUT4                        : 13
#      MUXF5                       : 3
#      MUXF6                       : 1
#      VCC                         : 1
# FlipFlops/Latches                : 16
#      FDC                         : 2
#      FDCE                        : 10
#      LD                          : 4
# Clock Buffers                    : 2
#      BUFGP                       : 2
# IO Buffers                       : 9
#      IBUF                        : 5
#      OBUF                        : 4
=========================================================================

Device utilization summary:
---------------------------

Selected Device : 3s200ft256-4 

 Number of Slices:                       18  out of   1920     0%  
 Number of Slice Flip Flops:             12  out of   3840     0%  
 Number of 4 input LUTs:                 31  out of   3840     0%  
 Number of IOs:                          11
 Number of bonded IOBs:                  11  out of    173     6%  
    IOB Flip Flops:                       4
 Number of GCLKs:                         2  out of      8    25%  

---------------------------
Partition Resource Summary:
---------------------------

  No Partitions were found in this design.

---------------------------


=========================================================================
TIMING REPORT

NOTE: THESE TIMING NUMBERS ARE ONLY A SYNTHESIS ESTIMATE.
      FOR ACCURATE TIMING INFORMATION PLEASE REFER TO THE TRACE REPORT
      GENERATED AFTER PLACE-and-ROUTE.

Clock Information:
------------------
-------------------------------------------+------------------------+-------+
Clock Signal                               | Clock buffer(FF name)  | Load  |
-------------------------------------------+------------------------+-------+
debounce_sw_not0001(debounce_sw_not00011:O)| NONE(*)(debounce_sw_0) | 4     |
clk_10ms                                   | BUFGP                  | 10    |
clk                                        | BUFGP                  | 2     |
-------------------------------------------+------------------------+-------+
(*) This 1 clock signal(s) are generated by combinatorial logic,
and XST is not able to identify which are the primary clock signals.
Please use the CLOCK_SIGNAL constraint to specify the clock signal(s) generated by combinatorial logic.
INFO:Xst:2169 - HDL ADVISOR - Some clock signals were not automatically buffered by XST with BUFG/BUFR resources. Please use the buffer_type constraint in order to insert these buffers to the clock signals to help prevent skew problems.

Asynchronous Control Signals Information:
----------------------------------------
-----------------------------------+------------------------+-------+
Control Signal                     | Buffer(FF name)        | Load  |
-----------------------------------+------------------------+-------+
m_tick_0_or0000(m_tick_0_or00001:O)| NONE(m_tick_0_0)       | 5     |
m_tick_1_or0000(m_tick_1_or00001:O)| NONE(m_tick_1_0)       | 5     |
rst                                | IBUF                   | 2     |
-----------------------------------+------------------------+-------+

Timing Summary:
---------------
Speed Grade: -4

   Minimum period: 3.449ns (Maximum Frequency: 289.939MHz)
   Minimum input arrival time before clock: 6.172ns
   Maximum output required time after clock: 7.078ns
   Maximum combinational path delay: No path found

Timing Detail:
--------------
All values displayed in nanoseconds (ns)

=========================================================================
Timing constraint: Default period analysis for Clock 'clk_10ms'
  Clock period: 3.449ns (frequency: 289.939MHz)
  Total number of paths / destination ports: 30 / 10
-------------------------------------------------------------------------
Delay:               3.449ns (Levels of Logic = 2)
  Source:            m_tick_1_2 (FF)
  Destination:       m_tick_1_4 (FF)
  Source Clock:      clk_10ms rising
  Destination Clock: clk_10ms rising

  Data Path: m_tick_1_2 to m_tick_1_4
                                Gate     Net
    Cell:in->out      fanout   Delay   Delay  Logical Name (Net Name)
    ----------------------------------------  ------------
     FDCE:C->Q             4   0.720   1.256  m_tick_1_2 (m_tick_1_2)
     LUT3_L:I0->LO         1   0.551   0.168  Mcount_m_tick_1_xor<3>111 (N7)
     LUT3:I2->O            1   0.551   0.000  Mcount_m_tick_1_xor<4>11 (Result<4>)
     FDCE:D                    0.203          m_tick_1_4
    ----------------------------------------
    Total                      3.449ns (2.025ns logic, 1.424ns route)
                                       (58.7% logic, 41.3% route)

=========================================================================
Timing constraint: Default period analysis for Clock 'clk'
  Clock period: 3.336ns (frequency: 299.760MHz)
  Total number of paths / destination ports: 5 / 2
-------------------------------------------------------------------------
Delay:               3.336ns (Levels of Logic = 3)
  Source:            current_state_FSM_FFd2 (FF)
  Destination:       current_state_FSM_FFd1 (FF)
  Source Clock:      clk rising
  Destination Clock: clk rising

  Data Path: current_state_FSM_FFd2 to current_state_FSM_FFd1
                                Gate     Net
    Cell:in->out      fanout   Delay   Delay  Logical Name (Net Name)
    ----------------------------------------  ------------
     FDC:C->Q             10   0.720   1.160  current_state_FSM_FFd2 (current_state_FSM_FFd2)
     LUT4:I3->O            1   0.551   0.000  current_state_FSM_FFd1-In1 (current_state_FSM_FFd1-In1)
     MUXF5:I1->O           1   0.360   0.000  current_state_FSM_FFd1-In_f5 (current_state_FSM_FFd1-In_f5)
     MUXF6:I0->O           1   0.342   0.000  current_state_FSM_FFd1-In_f6 (current_state_FSM_FFd1-In)
     FDC:D                     0.203          current_state_FSM_FFd1
    ----------------------------------------
    Total                      3.336ns (2.176ns logic, 1.160ns route)
                                       (65.2% logic, 34.8% route)

=========================================================================
Timing constraint: Default OFFSET IN BEFORE for Clock 'debounce_sw_not0001'
  Total number of paths / destination ports: 16 / 4
-------------------------------------------------------------------------
Offset:              4.464ns (Levels of Logic = 3)
  Source:            sw<0> (PAD)
  Destination:       debounce_sw_0 (LATCH)
  Destination Clock: debounce_sw_not0001 falling

  Data Path: sw<0> to debounce_sw_0
                                Gate     Net
    Cell:in->out      fanout   Delay   Delay  Logical Name (Net Name)
    ----------------------------------------  ------------
     IBUF:I->O             6   0.821   1.342  sw_0_IBUF (sw_0_IBUF)
     LUT3:I0->O            1   0.551   0.996  debounce_sw_mux0003<0>_SW0 (N16)
     LUT4:I1->O            1   0.551   0.000  debounce_sw_mux0003<0> (debounce_sw_mux0003<0>)
     LD:D                      0.203          debounce_sw_0
    ----------------------------------------
    Total                      4.464ns (2.126ns logic, 2.338ns route)
                                       (47.6% logic, 52.4% route)

=========================================================================
Timing constraint: Default OFFSET IN BEFORE for Clock 'clk'
  Total number of paths / destination ports: 19 / 2
-------------------------------------------------------------------------
Offset:              6.172ns (Levels of Logic = 4)
  Source:            sw<2> (PAD)
  Destination:       current_state_FSM_FFd2 (FF)
  Destination Clock: clk rising

  Data Path: sw<2> to current_state_FSM_FFd2
                                Gate     Net
    Cell:in->out      fanout   Delay   Delay  Logical Name (Net Name)
    ----------------------------------------  ------------
     IBUF:I->O             8   0.821   1.422  sw_2_IBUF (sw_2_IBUF)
     LUT4:I0->O            3   0.551   1.246  current_state_FSM_FFd2-In11 (N01)
     LUT4:I0->O            1   0.551   0.827  current_state_FSM_FFd2-In93_SW1 (N19)
     LUT4:I3->O            1   0.551   0.000  current_state_FSM_FFd2-In93 (current_state_FSM_FFd2-In)
     FDC:D                     0.203          current_state_FSM_FFd2
    ----------------------------------------
    Total                      6.172ns (2.677ns logic, 3.495ns route)
                                       (43.4% logic, 56.6% route)

=========================================================================
Timing constraint: Default OFFSET OUT AFTER for Clock 'debounce_sw_not0001'
  Total number of paths / destination ports: 4 / 4
-------------------------------------------------------------------------
Offset:              7.078ns (Levels of Logic = 1)
  Source:            debounce_sw_3 (LATCH)
  Destination:       debounce_sw<3> (PAD)
  Source Clock:      debounce_sw_not0001 falling

  Data Path: debounce_sw_3 to debounce_sw<3>
                                Gate     Net
    Cell:in->out      fanout   Delay   Delay  Logical Name (Net Name)
    ----------------------------------------  ------------
     LD:G->Q               1   0.633   0.801  debounce_sw_3 (debounce_sw_3)
     OBUF:I->O                 5.644          debounce_sw_3_OBUF (debounce_sw<3>)
    ----------------------------------------
    Total                      7.078ns (6.277ns logic, 0.801ns route)
                                       (88.7% logic, 11.3% route)

=========================================================================


Total REAL time to Xst completion: 4.00 secs
Total CPU time to Xst completion: 4.20 secs
 
--> 

Total memory usage is 4534476 kilobytes

Number of errors   :    0 (   0 filtered)
Number of warnings :    1 (   0 filtered)
Number of infos    :    2 (   0 filtered)

