AR transcoder_7_segments behavioral C:/CPE_USERS/-ESE-VHDL-Keypad_Controller/transcoder_7_segments.vhd sub00/vhpl17 1552063520
AR keydetector behavioral C:/CPE_USERS/-ESE-VHDL-Keypad_Controller/keydetector.vhd sub00/vhpl13 1552063516
AR transcoder_2v4 behavioral C:/CPE_USERS/-ESE-VHDL-Keypad_Controller/transcoder_2v4.vhd sub00/vhpl09 1552063512
AR debounced_keyboard behavioral C:/CPE_USERS/-ESE-VHDL-Keypad_Controller/debounced_keyboard.vhd sub00/vhpl11 1552063514
AR clk_divider behavioral C:/CPE_USERS/-ESE-VHDL-Keypad_Controller/clk_divider.vhd sub00/vhpl01 1552063504
EN keydetector NULL C:/CPE_USERS/-ESE-VHDL-Keypad_Controller/keydetector.vhd sub00/vhpl12 1552063515
EN display_controller NULL C:/CPE_USERS/-ESE-VHDL-Keypad_Controller/display_controller.vhd sub00/vhpl14 1552063517
EN clk_divider NULL C:/CPE_USERS/-ESE-VHDL-Keypad_Controller/clk_divider.vhd sub00/vhpl00 1552063503
EN debounce NULL C:/CPE_USERS/-ESE-VHDL-Keypad_Controller/debounce.vhd sub00/vhpl04 1552063507
EN counter_2b NULL C:/CPE_USERS/-ESE-VHDL-Keypad_Controller/counter_2b.vhd sub00/vhpl06 1552063509
AR counter_2b behavioral C:/CPE_USERS/-ESE-VHDL-Keypad_Controller/counter_2b.vhd sub00/vhpl07 1552063510
EN debounced_keyboard NULL C:/CPE_USERS/-ESE-VHDL-Keypad_Controller/debounced_keyboard.vhd sub00/vhpl10 1552063513
AR debounce behavioral C:/CPE_USERS/-ESE-VHDL-Keypad_Controller/debounce.vhd sub00/vhpl05 1552063508
EN debounce_fsm NULL C:/CPE_USERS/-ESE-VHDL-Keypad_Controller/debounce_fsm.vhd sub00/vhpl02 1552063505
EN transcoder_7_segments NULL C:/CPE_USERS/-ESE-VHDL-Keypad_Controller/transcoder_7_segments.vhd sub00/vhpl16 1552063519
AR keypad_controler behavioral C:/CPE_USERS/-ESE-VHDL-Keypad_Controller/keypad_controler.vhd sub00/vhpl19 1552063522
EN transcoder_2v4 NULL C:/CPE_USERS/-ESE-VHDL-Keypad_Controller/transcoder_2v4.vhd sub00/vhpl08 1552063511
AR display_controller behavioral C:/CPE_USERS/-ESE-VHDL-Keypad_Controller/display_controller.vhd sub00/vhpl15 1552063518
EN keypad_controler NULL C:/CPE_USERS/-ESE-VHDL-Keypad_Controller/keypad_controler.vhd sub00/vhpl18 1552063521
AR debounce_fsm behavioral C:/CPE_USERS/-ESE-VHDL-Keypad_Controller/debounce_fsm.vhd sub00/vhpl03 1552063506
