V3 66
FL C:/Users/pierr/Documents/Ecole/4A/VHDL/vhdl_projet/Keyboard_controller/clk_divider.vhd 2019/02/19.11:40:16 P.20131013
FL C:/Users/pierr/Documents/Ecole/4A/VHDL/vhdl_projet/Keyboard_controller/counter_2b.vhd 2019/02/21.18:36:11 P.20131013
FL C:/Users/pierr/Documents/Ecole/4A/VHDL/vhdl_projet/Keyboard_controller/debounce.vhd 2019/02/22.15:58:04 P.20131013
FL C:/Users/pierr/Documents/Ecole/4A/VHDL/vhdl_projet/Keyboard_controller/debounce_fsm.vhd 2019/02/22.16:10:19 P.20131013
FL C:/Users/pierr/Documents/Ecole/4A/VHDL/vhdl_projet/Keyboard_controller/digit_controller.vhd 2019/02/24.13:25:47 P.20131013
EN work/digit_controller 1551011161 \
      FL C:/Users/pierr/Documents/Ecole/4A/VHDL/vhdl_projet/Keyboard_controller/digit_controller.vhd \
      PB ieee/std_logic_1164 1370735607
AR work/digit_controller/Behavioral 1551011162 \
      FL C:/Users/pierr/Documents/Ecole/4A/VHDL/vhdl_projet/Keyboard_controller/digit_controller.vhd \
      EN work/digit_controller 1551011161
FL C:/Users/pierr/Documents/Ecole/4A/VHDL/vhdl_projet/Keyboard_controller/keypad.vhd 2019/02/21.17:36:35 P.20131013
EN work/keypad 1550766999 \
      FL C:/Users/pierr/Documents/Ecole/4A/VHDL/vhdl_projet/Keyboard_controller/keypad.vhd \
      PB ieee/std_logic_1164 1370735607
AR work/keypad/Behavioral 1550767000 \
      FL C:/Users/pierr/Documents/Ecole/4A/VHDL/vhdl_projet/Keyboard_controller/keypad.vhd \
      EN work/keypad 1550766999
FL C:/Users/pierr/Documents/Ecole/4A/VHDL/vhdl_projet/Keyboard_controller/keypad_controler.vhd 2019/02/21.16:45:13 P.20131013
FL C:/Users/pierr/Documents/Ecole/4A/VHDL/vhdl_projet/Keyboard_controller/transcoder_2v4.vhd 2019/02/21.18:58:52 P.20131013
FL C:/Users/valentin.beynard/Documents/ESE_VHDL/Keyboard_controller/clk_divider.vhd 2019/02/15.11:27:23 P.20131013
FL C:/Users/valentin.beynard/Documents/ESE_VHDL/Keyboard_controller/debounce.vhd 2019/02/15.09:46:39 P.20131013
FL C:/Users/valentin.beynard/Documents/ESE_VHDL/Keyboard_controller/debounce_fsm.vhd 2019/02/15.11:33:25 P.20131013
FL C:/Users/valentin.beynard/Documents/Keyboard_controller/clk_divider.vhd 2019/03/07.16:22:58 P.20131013
FL C:/Users/valentin.beynard/Documents/Keyboard_controller/counter_2b.vhd 2019/03/07.17:11:24 P.20131013
FL C:/Users/valentin.beynard/Documents/Keyboard_controller/debounce.vhd 2019/03/07.16:51:48 P.20131013
FL C:/Users/valentin.beynard/Documents/Keyboard_controller/debounced_keyboard.vhd 2019/03/06.19:33:33 P.20131013
FL C:/Users/valentin.beynard/Documents/Keyboard_controller/debounce_fsm.vhd 2019/02/15.11:33:25 P.20131013
FL C:/Users/valentin.beynard/Documents/Keyboard_controller/transcoder_2v4.vhd 2019/02/21.18:58:54 P.20131013
FL D:/4A/ESE_VHDL/Keyboard_controller/transcoder_7seg.vhd 2019/02/25.08:39:34 P.20131013
EN work/transcoder_7seg 1551080400 \
      FL D:/4A/ESE_VHDL/Keyboard_controller/transcoder_7seg.vhd \
      PB ieee/std_logic_1164 1370735607
AR work/transcoder_7seg/Behavioral 1551080401 \
      FL D:/4A/ESE_VHDL/Keyboard_controller/transcoder_7seg.vhd \
      EN work/transcoder_7seg 1551080400
FL "D:/CPE 4ETI/Keyboard_controller/keydetector.vhd" 2019/03/07.13:46:27 P.20131013
FL E:/4A/ESE_VHDL/Keyboard_controller/keydetector.vhd 2019/02/22.16:34:12 P.20131013
FL "E:/CPE 4ETI/Keyboard_controller/clk_divider.vhd" 2019/03/07.16:22:58 P.20131013
FL "L:/CPE 4ETI/Keyboard_controller/clk_divider.vhd" 2019/03/07.16:22:58 P.20131013
EN work/clk_divider 1551995258 \
      FL "L:/CPE 4ETI/Keyboard_controller/clk_divider.vhd" PB ieee/std_logic_1164 1370735607
AR work/clk_divider/Behavioral 1551995259 \
      FL "L:/CPE 4ETI/Keyboard_controller/clk_divider.vhd" EN work/clk_divider 1551995258
FL "L:/CPE 4ETI/Keyboard_controller/counter_2b.vhd" 2019/03/07.19:48:52 P.20131013
EN work/counter_2b 1551995264 FL "L:/CPE 4ETI/Keyboard_controller/counter_2b.vhd" \
      PB ieee/std_logic_1164 1370735607 PB ieee/NUMERIC_STD 1381692181
AR work/counter_2b/Behavioral 1551995265 \
      FL "L:/CPE 4ETI/Keyboard_controller/counter_2b.vhd" EN work/counter_2b 1551995264 \
      CP clk_divider
FL "L:/CPE 4ETI/Keyboard_controller/debounce.vhd" 2019/03/07.16:51:48 P.20131013
EN work/debounce 1551995262 FL "L:/CPE 4ETI/Keyboard_controller/debounce.vhd" \
      PB ieee/std_logic_1164 1370735607
AR work/debounce/Behavioral 1551995263 \
      FL "L:/CPE 4ETI/Keyboard_controller/debounce.vhd" EN work/debounce 1551995262 \
      CP clk_divider CP debounce_fsm
FL "L:/CPE 4ETI/Keyboard_controller/debounced_keyboard.vhd" 2019/03/07.13:41:59 P.20131013
EN work/debounced_keyboard 1551995268 \
      FL "L:/CPE 4ETI/Keyboard_controller/debounced_keyboard.vhd" \
      PB ieee/std_logic_1164 1370735607
AR work/debounced_keyboard/Behavioral 1551995269 \
      FL "L:/CPE 4ETI/Keyboard_controller/debounced_keyboard.vhd" \
      EN work/debounced_keyboard 1551995268 CP debounce
FL "L:/CPE 4ETI/Keyboard_controller/debounce_fsm.vhd" 2019/02/15.11:33:25 P.20131013
EN work/debounce_fsm 1551995260 \
      FL "L:/CPE 4ETI/Keyboard_controller/debounce_fsm.vhd" \
      PB ieee/std_logic_1164 1370735607
AR work/debounce_fsm/Behavioral 1551995261 \
      FL "L:/CPE 4ETI/Keyboard_controller/debounce_fsm.vhd" EN work/debounce_fsm 1551995260
FL "L:/CPE 4ETI/Keyboard_controller/display_controller.vhd" 2019/03/07.22:36:19 P.20131013
EN work/display_controller 1551995272 \
      FL "L:/CPE 4ETI/Keyboard_controller/display_controller.vhd" \
      PB ieee/std_logic_1164 1370735607 PB ieee/NUMERIC_STD 1381692181
AR work/display_controller/Behavioral 1551995273 \
      FL "L:/CPE 4ETI/Keyboard_controller/display_controller.vhd" \
      EN work/display_controller 1551995272 CP clk_divider
FL "L:/CPE 4ETI/Keyboard_controller/keydetector.vhd" 2019/03/07.13:46:27 P.20131013
EN work/keydetector 1551995270 \
      FL "L:/CPE 4ETI/Keyboard_controller/keydetector.vhd" PB ieee/std_logic_1164 1370735607
AR work/keydetector/Behavioral 1551995271 \
      FL "L:/CPE 4ETI/Keyboard_controller/keydetector.vhd" EN work/keydetector 1551995270
FL "L:/CPE 4ETI/Keyboard_controller/keypad_controler.vhd" 2019/03/07.22:44:01 P.20131013
EN work/keypad_controler 1551995276 \
      FL "L:/CPE 4ETI/Keyboard_controller/keypad_controler.vhd" \
      PB ieee/std_logic_1164 1370735607
AR work/keypad_controler/Behavioral 1551995277 \
      FL "L:/CPE 4ETI/Keyboard_controller/keypad_controler.vhd" \
      EN work/keypad_controler 1551995276 CP counter_2b CP transcoder_2v4 \
      CP debounced_keyboard CP keydetector CP display_controller \
      CP transcoder_7_segments
FL "L:/CPE 4ETI/Keyboard_controller/transcoder_2v4.vhd" 2019/02/21.18:58:54 P.20131013
EN work/transcoder_2v4 1551995266 \
      FL "L:/CPE 4ETI/Keyboard_controller/transcoder_2v4.vhd" \
      PB ieee/std_logic_1164 1370735607
AR work/transcoder_2v4/Behavioral 1551995267 \
      FL "L:/CPE 4ETI/Keyboard_controller/transcoder_2v4.vhd" \
      EN work/transcoder_2v4 1551995266
FL "L:/CPE 4ETI/Keyboard_controller/transcoder_7_segments.vhd" 2019/03/07.22:10:43 P.20131013
EN work/transcoder_7_segments 1551995274 \
      FL "L:/CPE 4ETI/Keyboard_controller/transcoder_7_segments.vhd" \
      PB ieee/std_logic_1164 1370735607 PB ieee/NUMERIC_STD 1381692181
AR work/transcoder_7_segments/Behavioral 1551995275 \
      FL "L:/CPE 4ETI/Keyboard_controller/transcoder_7_segments.vhd" \
      EN work/transcoder_7_segments 1551995274
