V3 39
FL C:/CPE_USERS/-ESE-VHDL-Keypad_Controller/clk_divider.vhd 2019/03/08.12:29:48 P.68d
EN work/clk_divider 1552063503 \
      FL C:/CPE_USERS/-ESE-VHDL-Keypad_Controller/clk_divider.vhd \
      PB ieee/std_logic_1164 1370735607
AR work/clk_divider/Behavioral 1552063504 \
      FL C:/CPE_USERS/-ESE-VHDL-Keypad_Controller/clk_divider.vhd \
      EN work/clk_divider 1552063503
FL C:/CPE_USERS/-ESE-VHDL-Keypad_Controller/counter_2b.vhd 2019/03/08.12:29:48 P.68d
EN work/counter_2b 1552063509 \
      FL C:/CPE_USERS/-ESE-VHDL-Keypad_Controller/counter_2b.vhd \
      PB ieee/std_logic_1164 1370735607 PB ieee/NUMERIC_STD 1370735611
AR work/counter_2b/Behavioral 1552063510 \
      FL C:/CPE_USERS/-ESE-VHDL-Keypad_Controller/counter_2b.vhd \
      EN work/counter_2b 1552063509 CP clk_divider
FL C:/CPE_USERS/-ESE-VHDL-Keypad_Controller/debounce.vhd 2019/03/08.12:29:48 P.68d
EN work/debounce 1552063507 \
      FL C:/CPE_USERS/-ESE-VHDL-Keypad_Controller/debounce.vhd \
      PB ieee/std_logic_1164 1370735607
AR work/debounce/Behavioral 1552063508 \
      FL C:/CPE_USERS/-ESE-VHDL-Keypad_Controller/debounce.vhd EN work/debounce 1552063507 \
      CP clk_divider CP debounce_fsm
FL C:/CPE_USERS/-ESE-VHDL-Keypad_Controller/debounced_keyboard.vhd 2019/03/08.12:29:48 P.68d
EN work/debounced_keyboard 1552063513 \
      FL C:/CPE_USERS/-ESE-VHDL-Keypad_Controller/debounced_keyboard.vhd \
      PB ieee/std_logic_1164 1370735607
AR work/debounced_keyboard/Behavioral 1552063514 \
      FL C:/CPE_USERS/-ESE-VHDL-Keypad_Controller/debounced_keyboard.vhd \
      EN work/debounced_keyboard 1552063513 CP debounce
FL C:/CPE_USERS/-ESE-VHDL-Keypad_Controller/debounce_fsm.vhd 2019/03/08.12:29:48 P.68d
EN work/debounce_fsm 1552063505 \
      FL C:/CPE_USERS/-ESE-VHDL-Keypad_Controller/debounce_fsm.vhd \
      PB ieee/std_logic_1164 1370735607
AR work/debounce_fsm/Behavioral 1552063506 \
      FL C:/CPE_USERS/-ESE-VHDL-Keypad_Controller/debounce_fsm.vhd \
      EN work/debounce_fsm 1552063505
FL C:/CPE_USERS/-ESE-VHDL-Keypad_Controller/display_controller.vhd 2019/03/08.17:44:45 P.68d
EN work/display_controller 1552063517 \
      FL C:/CPE_USERS/-ESE-VHDL-Keypad_Controller/display_controller.vhd \
      PB ieee/std_logic_1164 1370735607 PB ieee/NUMERIC_STD 1370735611
AR work/display_controller/Behavioral 1552063518 \
      FL C:/CPE_USERS/-ESE-VHDL-Keypad_Controller/display_controller.vhd \
      EN work/display_controller 1552063517 CP clk_divider
FL C:/CPE_USERS/-ESE-VHDL-Keypad_Controller/keydetector.vhd 2019/03/08.12:29:48 P.68d
EN work/keydetector 1552063515 \
      FL C:/CPE_USERS/-ESE-VHDL-Keypad_Controller/keydetector.vhd \
      PB ieee/std_logic_1164 1370735607
AR work/keydetector/Behavioral 1552063516 \
      FL C:/CPE_USERS/-ESE-VHDL-Keypad_Controller/keydetector.vhd \
      EN work/keydetector 1552063515
FL C:/CPE_USERS/-ESE-VHDL-Keypad_Controller/keypad_controler.vhd 2019/03/08.17:43:37 P.68d
EN work/keypad_controler 1552063521 \
      FL C:/CPE_USERS/-ESE-VHDL-Keypad_Controller/keypad_controler.vhd \
      PB ieee/std_logic_1164 1370735607
AR work/keypad_controler/Behavioral 1552063522 \
      FL C:/CPE_USERS/-ESE-VHDL-Keypad_Controller/keypad_controler.vhd \
      EN work/keypad_controler 1552063521 CP counter_2b CP transcoder_2v4 \
      CP debounced_keyboard CP keydetector CP display_controller \
      CP transcoder_7_segments
FL C:/CPE_USERS/-ESE-VHDL-Keypad_Controller/transcoder_2v4.vhd 2019/03/08.12:29:48 P.68d
EN work/transcoder_2v4 1552063511 \
      FL C:/CPE_USERS/-ESE-VHDL-Keypad_Controller/transcoder_2v4.vhd \
      PB ieee/std_logic_1164 1370735607
AR work/transcoder_2v4/Behavioral 1552063512 \
      FL C:/CPE_USERS/-ESE-VHDL-Keypad_Controller/transcoder_2v4.vhd \
      EN work/transcoder_2v4 1552063511
FL C:/CPE_USERS/-ESE-VHDL-Keypad_Controller/transcoder_7_segments.vhd 2019/03/08.12:29:48 P.68d
EN work/transcoder_7_segments 1552063519 \
      FL C:/CPE_USERS/-ESE-VHDL-Keypad_Controller/transcoder_7_segments.vhd \
      PB ieee/std_logic_1164 1370735607 PB ieee/NUMERIC_STD 1370735611
AR work/transcoder_7_segments/Behavioral 1552063520 \
      FL C:/CPE_USERS/-ESE-VHDL-Keypad_Controller/transcoder_7_segments.vhd \
      EN work/transcoder_7_segments 1552063519
